<html>
<body>
<pre>
<h1>µVision Build Log</h1>
<h2>Project:</h2>
F:\Program Files\Keil\Labware - Copy\Lab13_DAC\Lab13.uvproj
Project File Date:  09/21/2017

<h2>Output:</h2>
Rebuild target 'Lab13'
assembling startup.s...
compiling Lab13.c...
compiling Sound.c...
compiling DAC.c...
compiling Piano.c...
linking...
Program Size: Code=6300 RO-data=9452 RW-data=84 ZI-data=1820  
".\Lab13.axf" - 0 Error(s), 0 Warning(s).
Load "F:\\Program Files\\Keil\\Labware - Copy\\Lab13_DAC\\Lab13.axf" 
Connecting: Mode=JTAG, Speed=1000000Hz
Erase Done.
Programming Done.
Verify OK.
</pre>
</body>
</html>
