<html>
<body>
<pre>
<h1>µVision Build Log</h1>
<h2>Project:</h2>
F:\Program Files\Keil\Labware - Copy\Lab10_TrafficLight\Lab10.uvproj
Project File Date:  08/06/2017

<h2>Output:</h2>
Rebuild target 'Lab10'
assembling startup.s...
compiling TableTrafficLight.c...
linking...
Program Size: Code=4380 RO-data=14728 RW-data=76 ZI-data=1756  
".\Lab10.axf" - 0 Error(s), 0 Warning(s).
Load "F:\\Program Files\\Keil\\Labware - Copy\\Lab10_TrafficLight\\Lab10.axf" 
Connecting: Mode=JTAG, Speed=1000000Hz
Erase Done.
Programming Done.
Verify OK.
</pre>
</body>
</html>
orted !
