<html>
<body>
<pre>
<h1>µVision Build Log</h1>
<h2>Project:</h2>
F:\Program Files\Keil\Labware - Copy\Lab12_TuningFork\Lab12.uvproj
Project File Date:  03/12/2014

<h2>Output:</h2>
Rebuild target 'Lab12'
assembling startup.s...
compiling TuningFork.c...
linking...
Program Size: Code=5500 RO-data=7336 RW-data=88 ZI-data=1752  
".\Lab12.axf" - 0 Error(s), 0 Warning(s).
Load "F:\\Program Files\\Keil\\Labware - Copy\\Lab12_TuningFork\\Lab12.axf" 
Connecting: Mode=JTAG, Speed=1000000Hz
Erase Done.
Programming Done.
Verify OK.
