<html>
<body>
<pre>
<h1>µVision Build Log</h1>
<h2>Project:</h2>
F:\Program Files\Keil\Labware - Copy\Lab2_HelloLaunchPad\Lab2.uvproj
Project File Date:  06/15/2017

<h2>Output:</h2>
Rebuild target 'HelloLaunchPad'
compiling main.c...
assembling startup.s...
linking...
Program Size: Code=2732 RO-data=2064 RW-data=52 ZI-data=1756  
".\HelloLaunchPad.axf" - 0 Error(s), 0 Warning(s).
Load "F:\\Program Files\\Keil\\Labware - Copy\\Lab2_HelloLaunchPad\\HelloLaunchPad.axf" 
Connecting: Mode=JTAG, Speed=1000000Hz
Erase Done.
Programming Done.
Verify OK.
</pre>
</body>
</html>
l\\Labware - Copy\\Lab2_HelloLaunchPad\\HelloLaunchPad.axf" 
Connecting: Mode=JTAG, Speed=1000000Hz
Erase Done.
Programming Done.
Verify OK.
