<html>
<body>
<pre>
<h1>µVision Build Log</h1>
<h2>Project:</h2>
C:\Keil\Labware\Lab4_IO\Lab4.uvproj
Project File Date:  12/28/2014

<h2>Output:</h2>
Build target 'IO'
linking...
Program Size: Code=2756 RO-data=2432 RW-data=56 ZI-data=1752  
".\IO.axf" - 0 Error(s), 0 Warning(s).
Load "C:\\Keil\\Labware\\Lab4_IO\\IO.axf" 
Connecting: Mode=JTAG, Speed=1000000Hz
Erase Done.
Programming Done.
Verify OK.
signed long delay;
main.c: 0 warnings, 2 errors
".\IO.axf" - 2 Error(s), 0 Warning(s).
Target not created
